/home/qbons/zpp-compiler/cpp_testbase/hello_world.cpp
== Parsing
[Line: 0, Offset: 0] Build failed: Lexing failure: unknown character at pos[0]: [#]
#include <iostream>
^