== Parsing

== Done parsing
[Line: 3, Offset: 0] Build failed: Expected trailing TT_SEMI

^